// Jest Snapshot v1, https://goo.gl/fbAQLP

exports[`Renders the Radio Group Component renders the radio group component 1`] = `
<fieldset>
  <legend>
    Radio legend
  </legend>
  <div
    class="l-flex l-flex--wrap"
  >
    <div>
      <label
        class="c-input-list-item"
        for="1"
      >
        <input
          id="1"
          name="testName"
          type="radio"
          value="test"
        />
        <span
          class="c-radio-input__inner"
        >
          <span>
            test
          </span>
        </span>
      </label>
    </div>
  </div>
</fieldset>
`;
