// Jest Snapshot v1, https://goo.gl/fbAQLP

exports[`Section Component renders the section component 1`] = `
<section
  class="c-section"
>
  <header
    class="c-section__header"
  >
    <h3>
      Section
    </h3>
  </header>
  <div
    class="c-section__body"
  >
    Container Component
  </div>
</section>
`;
